2013/08/22 02:39:42.472321 fb: native 1920x1200, 32 bpp, stride 7680, mem 9216000, fb rotate 0; using rotation 90
2013/08/22 02:49:03.289643 fb: native 1920x1200, 32 bpp, stride 7680, mem 9216000, fb rotate 0; using rotation 90
2026/10/03 17:11:55.991411 fb: native 1920x1200, 32 bpp, stride 7680, mem 9216000, fb rotate 0; using rotation 90
2026/10/03 17:21:20.412541 fb: native 1920x1200, 32 bpp, stride 7680, mem 9216000, fb rotate 0; using rotation 90
2026/10/03 17:30:23.027825 fb: native 1920x1200, 32 bpp, stride 7680, mem 9216000, fb rotate 0; using rotation 90
2026/10/03 17:36:19.192027 fb: native 1920x1200, 32 bpp, stride 7680, mem 9216000, fb rotate 0; using rotation 90
2026/10/03 17:36:27.960758 fb: native 1920x1200, 32 bpp, stride 7680, mem 9216000, fb rotate 0; using rotation 90
2026/10/03 17:39:11.258820 fb: native 1920x1200, 32 bpp, stride 7680, mem 9216000, fb rotate 0; using rotation 90
2026/10/03 17:45:49.202313 fb: native 1920x1200, 32 bpp, stride 7680, mem 9216000, fb rotate 0; using rotation 90
2026/10/03 17:46:41.238119 fb: native 1920x1200, 32 bpp, stride 7680, mem 9216000, fb rotate 0; using rotation 90
2026/10/03 17:46:40.271943 fb: native 1920x1200, 32 bpp, stride 7680, mem 9216000, fb rotate 0; using rotation 90
2026/10/03 17:50:53.011715 fb: native 1920x1200, 32 bpp, stride 7680, mem 9216000, fb rotate 0; using rotation 90
2026/10/03 18:00:30.404570 fb: native 1920x1200, 32 bpp, stride 7680, mem 9216000, fb rotate 0; using rotation 90
2026/10/03 18:00:29.232422 fb: native 1920x1200, 32 bpp, stride 7680, mem 9216000, fb rotate 0; using rotation 90
2026/10/03 18:05:04.443149 fb: native 1920x1200, 32 bpp, stride 7680, mem 9216000, fb rotate 0; using rotation 90
2026/10/03 18:07:04.322096 fb: native 1920x1200, 32 bpp, stride 7680, mem 9216000, fb rotate 0; using rotation 90
2026/10/03 18:14:36.887612 fb: native 1920x1200, 32 bpp, stride 7680, mem 9216000, fb rotate 0; using rotation 90
2026/10/03 18:23:35.791796 fb: native 1920x1200, 32 bpp, stride 7680, mem 9216000, fb rotate 0; using rotation 90
2026/10/03 18:26:29.184194 fb: native 1920x1200, 32 bpp, stride 7680, mem 9216000, fb rotate 0; using rotation 90
2026/10/03 18:41:29.651876 fb: native 1920x1200, 32 bpp, stride 7680, mem 9216000, fb rotate 0; using rotation 90
2026/10/03 18:48:19.461807 fb: native 1920x1200, 32 bpp, stride 7680, mem 9216000, fb rotate 0; using rotation 90
2026/10/03 19:01:51.546537 fb: native 1920x1200, 32 bpp, stride 7680, mem 9216000, fb rotate 0; using rotation 90
2026/10/03 19:14:07.430517 fb: native 1920x1200, 32 bpp, stride 7680, mem 9216000, fb rotate 0; using rotation 90
2026/10/03 19:28:00.432463 fb: native 1920x1200, 32 bpp, stride 7680, mem 9216000, fb rotate 0; using rotation 90
2026/10/03 20:01:44.831026 fb: native 1920x1200, 32 bpp, stride 7680, mem 9216000, fb rotate 0; using rotation 90
2026/10/03 20:13:33.204871 fb: native 1920x1200, 32 bpp, stride 7680, mem 9216000, fb rotate 0; using rotation 90
2026/10/03 20:34:54.867257 fb: native 1920x1200, 32 bpp, stride 7680, mem 9216000, fb rotate 0; using rotation 90
2026/10/03 20:58:13.630703 fb: native 1920x1200, 32 bpp, stride 7680, mem 9216000, fb rotate 0; using rotation 90
2026/10/03 21:15:19.492366 fb: native 1920x1200, 32 bpp, stride 7680, mem 9216000, fb rotate 0; using rotation 90
2026/10/03 21:19:50.167457 fb: native 1920x1200, 32 bpp, stride 7680, mem 9216000, fb rotate 0; using rotation 90
2026/10/03 21:25:17.432148 fb: native 1920x1200, 32 bpp, stride 7680, mem 9216000, fb rotate 0; using rotation 90
2026/10/03 21:25:16.581877 fb: native 1920x1200, 32 bpp, stride 7680, mem 9216000, fb rotate 0; using rotation 90
2026/10/03 21:33:54.688222 fb: native 1920x1200, 32 bpp, stride 7680, mem 9216000, fb rotate 0; using rotation 90
2026/10/03 21:33:53.815086 fb: native 1920x1200, 32 bpp, stride 7680, mem 9216000, fb rotate 0; using rotation 90
2026/10/03 21:46:30.057935 fb: native 1920x1200, 32 bpp, stride 7680, mem 9216000, fb rotate 0; using rotation 90
2026/10/03 21:46:31.582021 GPU: animations on the PowerVR
2026/10/03 21:46:29.123042 fb: native 1920x1200, 32 bpp, stride 7680, mem 9216000, fb rotate 0; using rotation 90
2026/10/03 21:46:30.702747 GPU: animations on the PowerVR
2026/10/03 21:46:29.122835 fb: native 1920x1200, 32 bpp, stride 7680, mem 9216000, fb rotate 0; using rotation 90
2026/10/03 21:46:30.699228 GPU: animations on the PowerVR
2026/10/03 21:46:29.138192 fb: native 1920x1200, 32 bpp, stride 7680, mem 9216000, fb rotate 0; using rotation 90
2026/10/03 21:46:30.702513 GPU: animations on the PowerVR
2026/10/03 21:46:29.122944 fb: native 1920x1200, 32 bpp, stride 7680, mem 9216000, fb rotate 0; using rotation 90
2026/10/03 21:46:30.743451 GPU: animations on the PowerVR
2026/10/03 21:58:53.353894 fb: native 1920x1200, 32 bpp, stride 7680, mem 9216000, fb rotate 0; using rotation 90
2026/10/03 21:58:52.543385 fb: native 1920x1200, 32 bpp, stride 7680, mem 9216000, fb rotate 0; using rotation 90
2026/10/03 22:09:17.364096 fb: native 1920x1200, 32 bpp, stride 7680, mem 9216000, fb rotate 0; using rotation 90
2026/10/04 08:25:09.777529 fb: native 1920x1200, 32 bpp, stride 7680, mem 9216000, fb rotate 0; using rotation 90
2026/10/04 08:38:30.222556 fb: native 1920x1200, 32 bpp, stride 7680, mem 9216000, fb rotate 0; using rotation 90
2026/10/04 08:45:38.400883 fb: native 1920x1200, 32 bpp, stride 7680, mem 9216000, fb rotate 0; using rotation 90
2026/10/04 08:48:08.893271 fb: native 1920x1200, 32 bpp, stride 7680, mem 9216000, fb rotate 0; using rotation 90
2026/10/04 09:10:42.710747 fb: native 1920x1200, 32 bpp, stride 7680, mem 9216000, fb rotate 0; using rotation 90
2026/10/04 09:37:39.619169 fb: native 1920x1200, 32 bpp, stride 7680, mem 9216000, fb rotate 0; using rotation 90
2026/10/04 19:25:25.495323 fb: native 1920x1200, 32 bpp, stride 7680, mem 9216000, fb rotate 0; using rotation 90
2026/10/05 20:21:28.327219 fb: native 1920x1200, 32 bpp, stride 7680, mem 9216000, fb rotate 0; using rotation 90
2026/10/05 21:37:15.254690 fb: native 1920x1200, 32 bpp, stride 7680, mem 9216000, fb rotate 0; using rotation 90
2026/10/06 18:57:01.668646 fb: native 1920x1200, 32 bpp, stride 7680, mem 9216000, fb rotate 0; using rotation 90
2026/10/06 19:01:50.987558 fb: native 1920x1200, 32 bpp, stride 7680, mem 9216000, fb rotate 0; using rotation 90
2026/10/06 19:29:46.986658 fb: native 1920x1200, 32 bpp, stride 7680, mem 9216000, fb rotate 0; using rotation 90
2026/10/06 19:29:47.407405 GPU: off, but SurfaceFlinger is running: stopping it
---
ssh : cat: can't open '/proc/1/root/data/condor/surfaceflinger.log': No such file or directory
At line:1 char:373
+ ... $ip; $out = ssh -o ConnectTimeout=8 -o BatchMode=yes "root@$ip" "grep ...
+                 ~~~~~~~~~~~~~~~~~~~~~~~~~~~~~~~~~~~~~~~~~~~~~~~~~~~~~~~~~
    + CategoryInfo          : NotSpecified: (cat: can't open...le or directory:String) [], RemoteException
    + FullyQualifiedErrorId : NativeCommandError
 
---
 1844 root      0:02 /data/condor/condor-init
 1893 1010      0:00 /system/bin/wpa_supplicant -B -i wlan0 -Dnl80211 -c /etc/condor/wpa-android.conf
 1950 root      0:00 sh -c grep -iE 'GPU|condorsf|surfaceflinger|fb:' /proc/1/root/data/condor/init.log | tail -60; echo ---; cat /proc/1/root/data/condor/surfaceflinger.log | tail -40; echo ---; ps | grep -iE 'surface|condor'
 1956 root      0:00 grep -iE surface|condor

